// Jest Snapshot v1, https://goo.gl/fbAQLP

exports[`LoginForm component should render LoginForm component 1`] = `ShallowWrapper {}`;
