// Jest Snapshot v1, https://goo.gl/fbAQLP

exports[`ResetPasswordView should render ResetPasswordView component 1`] = `ShallowWrapper {}`;
