// Jest Snapshot v1, https://goo.gl/fbAQLP

exports[`NavRoomCard component should render NavRoomCard component 1`] = `ShallowWrapper {}`;
