// Jest Snapshot v1, https://goo.gl/fbAQLP

exports[`ChatView component should render ChatView component 1`] = `ShallowWrapper {}`;
