// Jest Snapshot v1, https://goo.gl/fbAQLP

exports[`ChatCard should render correctly 1`] = `ShallowWrapper {}`;
