// Jest Snapshot v1, https://goo.gl/fbAQLP

exports[`ForgotPasswordView should render ForgotPasswordView component 1`] = `ShallowWrapper {}`;
