// Jest Snapshot v1, https://goo.gl/fbAQLP

exports[`OptionsPopup component should render OptionsPopup component 1`] = `ShallowWrapper {}`;
