// Jest Snapshot v1, https://goo.gl/fbAQLP

exports[`NavigationBar component should render NavigationBar component 1`] = `ShallowWrapper {}`;
